Have All New Modules : 

Have Change : 
==>abeip

==>abpccc

==>advancedComponents

==>advancedScheduler

==>asciiFile

==>BACnet

==>cloudConnect

==>controlcore

==>dashboardDesigner

==>dataFile

==>dataImport

==>dataPointDetailsView

==>deviceConfig

==>dnp3

==>egauge

==>envcands

==>excelReports

==>galil

==>graphicalViews

==>Haystack

==>http

==>internal

==>jmxds

==>jsonFileImport

==>lang_zh

==>log4jDS

==>log4JReset

==>loggingConsole

==>maintenanceEvents

==>mangoApi

==>mangoESConfiguration

==>MangoIOTools

==>mangoNoSqlDatabase

==>mangoUI

==>mbus

==>measurlogicDTSCell

==>meta

==>modbus

==>mqttClientDataSource

==>onewire

==>opcda

==>openv4j

==>pachube

==>pakbus

==>persistent

==>pid

==>pointLinks

==>pop3

==>reports

==>scheduledEvents

==>scripting

==>serial

==>slackPublisher

==>snmp

==>sqlConsole

==>sqlds

==>ssh

==>sstGlobalScripts

==>sstGraphics

==>sstTheme

==>TCPIP

==>templateConfig

==>twilio

==>virtualDS

==>vmstat

==>watchlists

==>zwave
